
> ai-support-saas@0.1.0 build
> next build

Γû▓ Next.js 16.1.6 (Turbopack)
- Environments: .env

  Creating an optimized production build ...
Γ£ô Compiled successfully in 9.0s
  Running TypeScript ...
  Collecting page data using 7 workers ...
  Generating static pages using 7 workers (0/9) ...
  Generating static pages using 7 workers (2/9) 
  Generating static pages using 7 workers (4/9) 
  Generating static pages using 7 workers (6/9) 
Γ£ô Generating static pages using 7 workers (9/9) in 940.0ms
  Finalizing page optimization ...

Route (app)
Γöî Γùï /
Γö£ Γùï /_not-found
Γö£ ╞Æ /api/auth/[...nextauth]
Γö£ ╞Æ /api/chat
Γö£ ╞Æ /api/documents/upload
Γö£ ╞Æ /api/register
Γö£ Γùï /login
Γöö Γùï /register


Γùï  (Static)   prerendered as static content
╞Æ  (Dynamic)  server-rendered on demand

