app/(auth)/login/page.tsx(7,24): error TS2307: Cannot find module '@/components/ui/button' or its corresponding type declarations.
app/(auth)/login/page.tsx(8,23): error TS2307: Cannot find module '@/components/ui/input' or its corresponding type declarations.
app/(auth)/login/page.tsx(9,87): error TS2307: Cannot find module '@/components/ui/card' or its corresponding type declarations.
app/(auth)/login/page.tsx(10,23): error TS2307: Cannot find module '@/components/ui/label' or its corresponding type declarations.
app/(auth)/login/page.tsx(63,44): error TS7006: Parameter 'e' implicitly has an 'any' type.
app/(auth)/login/page.tsx(73,44): error TS7006: Parameter 'e' implicitly has an 'any' type.
app/(auth)/register/page.tsx(6,24): error TS2307: Cannot find module '@/components/ui/button' or its corresponding type declarations.
app/(auth)/register/page.tsx(7,23): error TS2307: Cannot find module '@/components/ui/input' or its corresponding type declarations.
app/(auth)/register/page.tsx(8,87): error TS2307: Cannot find module '@/components/ui/card' or its corresponding type declarations.
app/(auth)/register/page.tsx(9,23): error TS2307: Cannot find module '@/components/ui/label' or its corresponding type declarations.
app/(auth)/register/page.tsx(62,44): error TS7006: Parameter 'e' implicitly has an 'any' type.
app/(auth)/register/page.tsx(72,44): error TS7006: Parameter 'e' implicitly has an 'any' type.
app/(auth)/register/page.tsx(83,44): error TS7006: Parameter 'e' implicitly has an 'any' type.
app/(auth)/register/page.tsx(93,44): error TS7006: Parameter 'e' implicitly has an 'any' type.
app/api/chat/route.ts(49,50): error TS2339: Property 'conversation' does not exist on type 'PrismaClient<PrismaClientOptions, never, DefaultArgs>'.
app/api/chat/route.ts(72,22): error TS2339: Property 'message' does not exist on type 'PrismaClient<PrismaClientOptions, never, DefaultArgs>'.
app/dashboard/page.tsx(5,58): error TS2307: Cannot find module '@/components/ui/card' or its corresponding type declarations.
lib/pdf.ts(1,8): error TS1192: Module '"C:/Users/shars/OneDrive/Desktop/SAAS 1/ai-support-saas/node_modules/pdf-parse/dist/pdf-parse/esm/index"' has no default export.
tailwind.config.ts(4,5): error TS2322: Type '["class"]' is not assignable to type 'DarkModeStrategy | undefined'.
  Type '["class"]' is not assignable to type '["class", string]'.
    Source has 1 element(s) but target requires 2.
